// Jest Snapshot v1, https://goo.gl/fbAQLP

exports[`LogoComponent test snapchot component 1`] = `
<div>
  <div
    class="movies-0-2-2"
  >
    <div
      class="nav-0-2-6"
    >
      <ul
        class="menu-0-2-7"
      >
        <li
          class="item-0-2-8"
        >
          <button
            class="link-0-2-9"
          >
            all
          </button>
        </li>
        <li
          class="item-0-2-8"
        >
          <button
            class="link-0-2-9"
          >
            Comedy
          </button>
        </li>
        <li
          class="item-0-2-8"
        >
          <button
            class="link-0-2-9"
          >
            Drama
          </button>
        </li>
        <li
          class="item-0-2-8"
        >
          <button
            class="link-0-2-9"
          >
            Romance
          </button>
        </li>
        <li
          class="item-0-2-8"
        >
          <button
            class="link-0-2-9"
          >
            Action
          </button>
        </li>
        <li
          class="item-0-2-8"
        >
          <button
            class="link-0-2-9"
          >
            Adventure
          </button>
        </li>
        <li
          class="item-0-2-8"
        >
          <button
            class="link-0-2-9"
          >
            Fantasy
          </button>
        </li>
      </ul>
      <div
        class="sortBlock-0-2-10"
      >
        <span
          class="title-0-2-11"
        >
          sort by
        </span>
        <select>
          <option>
            release_date
          </option>
          <option>
            genres
          </option>
          <option>
            title
          </option>
        </select>
      </div>
    </div>
    <div
      class="block-0-2-12"
    >
      1
      <span>
         movies found
      </span>
    </div>
    <div
      class="moviesBlock-0-2-3"
    >
      <div
        class="movieItem-0-2-13"
      >
        <div
          class="control-0-2-14"
        />
        <a
          class="movieLink-0-2-17"
          href="/film/1000"
        >
          <img
            alt="testTitle"
            class="movieImg-0-2-18"
            src="testPoster"
          />
        </a>
        <div
          class="titleBlock-0-2-19"
        >
          <span
            class="title-0-2-20"
          >
            testTitle
          </span>
          <span
            class="date-0-2-21"
          >
            testDate
          </span>
        </div>
        <div
          class="ganre-0-2-22"
        >
          <span>
             
            ganre
             
          </span>
        </div>
      </div>
    </div>
  </div>
</div>
`;
